[2026-08-29 14:54:40.468]
[TELEMETRY] Motors: [0, 0, 0, 0] || Vision: CX:177 CY:160 W:119 H:115 Yaw: +3.0deg || IMU: AX:  0.2 AY: -1.1 AZ: -9.9 TZ: -0.1 || Batt: 3.46V  || State: MANUAL   
[COMMAND] Mode: MANUAL                || Motors: [0, 20, 0, 0]
[LATENCY] Delta:   8.3ms | Avg:  39.1ms | Rate: 25.6 FPS | Queue: 0B

[2026-08-29 14:54:40.481]
[TELEMETRY] Motors: [2, 20, 0, 0] || Vision: CX:174 CY:167 W:150 H:153 Yaw: +2.5deg || IMU: AX:  0.4 AY: -1.2 AZ: -9.9 TZ: -0.1 || Batt: 3.46V  || State: MANUAL   
[COMMAND] Mode: MANUAL                || Motors: [0, 20, 0, 0]
[LATENCY] Delta:  38.7ms | Avg:  39.0ms | Rate: 25.6 FPS | Queue: 0B

[2026-08-29 14:54:40.526]
[TELEMETRY] Motors: [3, 20, 0, 0] || Vision: CX:172 CY:172 W:130 H:149 Yaw: +2.2deg || IMU: AX:  0.3 AY: -1.2 AZ: -9.9 TZ: -0.1 || Batt: 3.46V  || State: MANUAL   
[COMMAND] Mode: MANUAL                || Motors: [0, 20, 0, 0]
[LATENCY] Delta:  42.5ms | Avg:  39.3ms | Rate: 25.4 FPS | Queue: 0B

[2026-08-29 14:54:40.563]
[TELEMETRY] Motors: [5, 20, 0, 0] || Vision: CX:172 CY:172 W:147 H:154 Yaw: +2.2deg || IMU: AX:  0.3 AY: -1.0 AZ:-10.1 TZ: -0.2 || Batt: 3.46V  || State: MANUAL   
[COMMAND] Mode: MANUAL                || Motors: [0, 20, 0, 0]
[LATENCY] Delta:  39.5ms | Avg:  39.4ms | Rate: 25.4 FPS | Queue: 0B

[2026-08-29 14:54:40.604]
[TELEMETRY] Motors: [4, 20, 0, 0] || Vision: CX:168 CY:185 W:126 H:136 Yaw: +1.4deg || IMU: AX:  0.6 AY: -1.3 AZ:-10.2 TZ: -0.2 || Batt: 3.46V  || State: MANUAL   
[COMMAND] Mode: MANUAL                || Motors: [0, 20, 0, 0]
[LATENCY] Delta:  39.9ms | Avg:  39.4ms | Rate: 25.4 FPS | Queue: 0B

[2026-08-29 14:54:40.643]
[TELEMETRY] Motors: [4, 20, 0, 0] || Vision: CX:168 CY:171 W:146 H:153 Yaw: +1.4deg || IMU: AX:  0.6 AY: -1.0 AZ:-10.1 TZ: -0.2 || Batt: 3.46V  || State: MANUAL   
[COMMAND] Mode: MANUAL                || Motors: [0, 20, 0, 0]
[LATENCY] Delta:  38.8ms | Avg:  39.4ms | Rate: 25.4 FPS | Queue: 0B

[2026-08-29 14:54:40.685]
[TELEMETRY] Motors: [5, 20, 0, 0] || Vision: CX:165 CY:182 W:148 H:155 Yaw: +0.9deg || IMU: AX:  0.9 AY: -0.8 AZ: -9.8 TZ: -0.2 || Batt: 3.46V  || State: MANUAL   
[COMMAND] Mode: MANUAL                || Motors: [0, 20, 0, 0]
[LATENCY] Delta:  41.7ms | Avg:  39.5ms | Rate: 25.3 FPS | Queue: 0B

[2026-08-29 14:54:40.722]
[TELEMETRY] Motors: [6, 20, 0, 0] || Vision: CX:160 CY:187 W:127 H:137 Yaw: +0.0deg || IMU: AX:  0.3 AY: -0.8 AZ: -9.6 TZ: -0.3 || Batt: 3.46V  || State: MANUAL   
[COMMAND] Mode: MANUAL                || Motors: [0, 20, 0, 0]
[LATENCY] Delta:  39.4ms | Avg:  39.5ms | Rate: 25.3 FPS | Queue: 0B

[2026-08-29 14:54:40.764]
[TELEMETRY] Motors: [5, 20, 0, 0] || Vision: CX:159 CY:170 W:146 H:155 Yaw: -0.2deg || IMU: AX:  0.1 AY: -1.3 AZ: -9.8 TZ: -0.2 || Batt: 3.44V  || State: MANUAL   
[COMMAND] Mode: MANUAL                || Motors: [0, 20, 0, 0]
[LATENCY] Delta:  41.5ms | Avg:  39.6ms | Rate: 25.2 FPS | Queue: 0B

[2026-08-29 14:54:40.812]
[TELEMETRY] Motors: [6, 20, 0, 0] || Vision: CX:156 CY:184 W:146 H:155 Yaw: -0.7deg || IMU: AX: -0.1 AY:  0.0 AZ: -9.8 TZ: -0.2 || Batt: 3.44V  || State: MANUAL   
[COMMAND] Mode: MANUAL                || Motors: [0, 20, 0, 0]
[LATENCY] Delta:  46.6ms | Avg:  40.0ms | Rate: 25.0 FPS | Queue: 0B

[2026-08-29 14:54:40.845]
[TELEMETRY] Motors: [5, 20, 0, 0] || Vision: CX:153 CY:183 W:145 H:155 Yaw: -1.3deg || IMU: AX:  0.1 AY: -1.2 AZ:-10.2 TZ: -0.2 || Batt: 3.44V  || State: MANUAL   
[COMMAND] Mode: MANUAL                || Motors: [0, 20, 0, 0]
[LATENCY] Delta:  33.6ms | Avg:  39.7ms | Rate: 25.2 FPS | Queue: 0B

[2026-08-29 14:54:40.885]
[TELEMETRY] Motors: [4, 20, 0, 0] || Vision: CX:151 CY:183 W:146 H:156 Yaw: -1.6deg || IMU: AX:  0.3 AY: -0.9 AZ:-10.0 TZ: -0.2 || Batt: 3.44V  || State: MANUAL   
[COMMAND] Mode: MANUAL                || Motors: [0, 20, 0, 0]
[LATENCY] Delta:  40.1ms | Avg:  39.7ms | Rate: 25.2 FPS | Queue: 0B

[2026-08-29 14:54:40.926]
[TELEMETRY] Motors: [2, 20, 0, 0] || Vision: CX:147 CY:183 W:146 H:155 Yaw: -2.3deg || IMU: AX:  0.5 AY: -2.1 AZ:-10.3 TZ: -0.1 || Batt: 3.44V  || State: MANUAL   
[COMMAND] Mode: MANUAL                || Motors: [0, 20, 0, 0]
[LATENCY] Delta:  40.2ms | Avg:  39.7ms | Rate: 25.2 FPS | Queue: 0B

[2026-08-29 14:54:40.965]
[TELEMETRY] Motors: [1, 20, 0, 0] || Vision: CX:145 CY:182 W:145 H:156 Yaw: -2.7deg || IMU: AX:  0.3 AY: -1.6 AZ:-10.1 TZ: -0.1 || Batt: 3.44V  || State: MANUAL   
[COMMAND] Mode: MANUAL                || Motors: [0, 20, 0, 0]
[LATENCY] Delta:  39.1ms | Avg:  39.7ms | Rate: 25.2 FPS | Queue: 0B

[2026-08-29 14:54:41.005]
[TELEMETRY] Motors: [0, 20, 0, 0] || Vision: CX:163 CY:184 W:179 H:155 Yaw: +0.5deg || IMU: AX:  0.6 AY: -1.5 AZ:-10.0 TZ: -0.0 || Batt: 3.44V  || State: MANUAL   
[COMMAND] Mode: MANUAL                || Motors: [0, 20, 0, 0]
[LATENCY] Delta:  40.9ms | Avg:  39.8ms | Rate: 25.2 FPS | Queue: 0B

[2026-08-29 14:54:41.046]
[TELEMETRY] Motors: [50, 20, 0, 0] || Vision: CX:173 CY:180 W:209 H:154 Yaw: +2.3deg || IMU: AX:  0.5 AY: -1.9 AZ:-10.0 TZ: -0.0 || Batt: 3.44V  || State: MANUAL   
[COMMAND] Mode: MANUAL                || Motors: [50, 20, 0, 0]
[LATENCY] Delta:  41.4ms | Avg:  39.8ms | Rate: 25.1 FPS | Queue: 0B

[2026-08-29 14:54:41.088]
[TELEMETRY] Motors: [49, 20, 0, 0] || Vision: CX:183 CY:178 W:234 H:162 Yaw: +4.1deg || IMU: AX:  0.5 AY: -0.9 AZ: -9.5 TZ:  0.0 || Batt: 3.44V  || State: MANUAL   
[COMMAND] Mode: MANUAL                || Motors: [50, 20, 0, 0]
[LATENCY] Delta:  42.5ms | Avg:  39.9ms | Rate: 25.0 FPS | Queue: 0B

[2026-08-29 14:54:41.130]
[TELEMETRY] Motors: [50, 20, 0, 0] || Vision: CX:161 CY:188 W:182 H:149 Yaw: +0.2deg || IMU: AX:  1.2 AY: -1.9 AZ:-11.3 TZ: -0.0 || Batt: 3.44V  || State: MANUAL   
[COMMAND] Mode: MANUAL                || Motors: [50, 20, 0, 0]
[LATENCY] Delta:  40.7ms | Avg:  40.0ms | Rate: 25.0 FPS | Queue: 0B

[2026-08-29 14:54:41.168]
[TELEMETRY] Motors: [48, 20, 0, 1] || Vision: CX:161 CY:189 W:180 H:149 Yaw: +0.2deg || IMU: AX:  3.0 AY: -0.2 AZ:-12.8 TZ:  0.1 || Batt: 3.44V  || State: MANUAL   
[COMMAND] Mode: MANUAL                || Motors: [50, 20, 0, 0]
[LATENCY] Delta:  37.2ms | Avg:  39.9ms | Rate: 25.1 FPS | Queue: 0B

[2026-08-29 14:54:41.207]
[TELEMETRY] Motors: [43, 20, 0, 6] || Vision: CX:161 CY:189 W:179 H:150 Yaw: +0.2deg || IMU: AX: -0.8 AY:  0.0 AZ: -8.3 TZ:  0.2 || Batt: 3.44V  || State: MANUAL   
[COMMAND] Mode: MANUAL                || Motors: [50, 20, 0, 0]
[LATENCY] Delta:  39.5ms | Avg:  39.8ms | Rate: 25.1 FPS | Queue: 0B

[2026-08-29 14:54:41.252]
[TELEMETRY] Motors: [0, 20, 0, 54] || Vision: CX:138 CY:175 W:149 H:150 Yaw: -3.9deg || IMU: AX:  0.4 AY: -2.9 AZ:-11.6 TZ:  0.2 || Batt: 3.44V  || State: MANUAL   
[COMMAND] Mode: MANUAL                || Motors: [0, 20, 0, 50]
[LATENCY] Delta:  45.0ms | Avg:  40.0ms | Rate: 25.0 FPS | Queue: 0B

[2026-08-29 14:54:41.286]
[TELEMETRY] Motors: [0, 20, 0, 54] || Vision: CX:140 CY:174 W:148 H:146 Yaw: -3.6deg || IMU: AX: -1.8 AY: -3.6 AZ: -8.3 TZ:  0.2 || Batt: 3.31V  || State: MANUAL   
[COMMAND] Mode: MANUAL                || Motors: [0, 20, 0, 50]
[LATENCY] Delta:  34.6ms | Avg:  39.8ms | Rate: 25.1 FPS | Queue: 0B

[2026-08-29 14:54:41.324]
[TELEMETRY] Motors: [0, 20, 0, 54] || Vision: CX:141 CY:175 W:149 H:148 Yaw: -3.4deg || IMU: AX:  1.8 AY: -0.2 AZ:-11.1 TZ:  0.2 || Batt: 3.31V  || State: MANUAL   
[COMMAND] Mode: MANUAL                || Motors: [0, 20, 0, 50]
[LATENCY] Delta:  37.3ms | Avg:  39.8ms | Rate: 25.2 FPS | Queue: 0B

[2026-08-29 14:54:41.366]
[TELEMETRY] Motors: [0, 20, 0, 56] || Vision: CX:186 CY:206 W:167 H:109 Yaw: +4.7deg || IMU: AX:  1.4 AY: -5.7 AZ:-10.0 TZ:  0.3 || Batt: 3.31V  || State: MANUAL   
[COMMAND] Mode: MANUAL                || Motors: [0, 20, 0, 50]
[LATENCY] Delta:  41.4ms | Avg:  39.8ms | Rate: 25.1 FPS | Queue: 0B

[2026-08-29 14:54:41.405]
[TELEMETRY] Motors: [0, 20, 0, 53] || Vision: CX:142 CY:177 W:148 H:139 Yaw: -3.2deg || IMU: AX:  2.9 AY: -0.5 AZ:-11.7 TZ:  0.1 || Batt: 3.31V  || State: MANUAL   
[COMMAND] Mode: MANUAL                || Motors: [0, 20, 0, 0]
[LATENCY] Delta:  40.0ms | Avg:  39.8ms | Rate: 25.1 FPS | Queue: 0B

[2026-08-29 14:54:41.443]
[TELEMETRY] Motors: [0, 20, 0, 1] || Vision: CX:151 CY:164 W:146 H:136 Yaw: -1.6deg || IMU: AX: -1.9 AY: -2.2 AZ: -8.3 TZ:  0.1 || Batt: 3.31V  || State: MANUAL   
[COMMAND] Mode: MANUAL                || Motors: [0, 20, 0, 0]
[LATENCY] Delta:  38.2ms | Avg:  39.8ms | Rate: 25.1 FPS | Queue: 0B

[2026-08-29 14:54:41.484]
[TELEMETRY] Motors: [0, 20, 0, 4] || Vision: CX:145 CY:179 W:152 H:142 Yaw: -2.7deg || IMU: AX:  0.3 AY: -3.2 AZ: -7.9 TZ:  0.2 || Batt: 3.31V  || State: MANUAL   
[COMMAND] Mode: MANUAL                || Motors: [50, 20, 0, 0]
[LATENCY] Delta:  40.3ms | Avg:  39.8ms | Rate: 25.1 FPS | Queue: 0B

[2026-08-29 14:54:41.524]
[TELEMETRY] Motors: [46, 20, 0, 3] || Vision: CX:147 CY:188 W:150 H:142 Yaw: -2.3deg || IMU: AX:  1.2 AY: -2.2 AZ:-10.4 TZ:  0.1 || Batt: 3.31V  || State: MANUAL   
[COMMAND] Mode: MANUAL                || Motors: [50, 20, 0, 0]
[LATENCY] Delta:  40.6ms | Avg:  39.8ms | Rate: 25.1 FPS | Queue: 0B

[2026-08-29 14:54:41.564]
[TELEMETRY] Motors: [99, 20, 0, 50] || Vision: CX:149 CY:187 W:150 H:144 Yaw: -2.0deg || IMU: AX:  0.6 AY: -1.3 AZ:-11.0 TZ:  0.0 || Batt: 3.31V  || State: MANUAL   
[COMMAND] Mode: MANUAL                || Motors: [100, 20, 0, 50]
[LATENCY] Delta:  39.9ms | Avg:  39.8ms | Rate: 25.1 FPS | Queue: 0B

[2026-08-29 14:54:41.604]
[TELEMETRY] Motors: [45, 20, 0, 54] || Vision: CX:141 CY:191 W:120 H: 93 Yaw: -3.4deg || IMU: AX: -0.0 AY: -2.4 AZ: -8.3 TZ:  0.2 || Batt: 3.31V  || State: MANUAL   
[COMMAND] Mode: MANUAL                || Motors: [50, 20, 0, 50]
[LATENCY] Delta:  39.4ms | Avg:  39.8ms | Rate: 25.1 FPS | Queue: 0B

[2026-08-29 14:54:41.641]
[TELEMETRY] Motors: [0, 20, 0, 4] || Vision: CX:151 CY:170 W:112 H: 95 Yaw: -1.6deg || IMU: AX: -1.0 AY:  2.4 AZ: -8.9 TZ:  0.2 || Batt: 3.31V  || State: MANUAL   
[COMMAND] Mode: MANUAL                || Motors: [0, 20, 0, 0]
[LATENCY] Delta:  37.6ms | Avg:  39.7ms | Rate: 25.2 FPS | Queue: 0B

[2026-08-29 14:54:41.679]
[TELEMETRY] Motors: [0, 20, 0, 2] || Vision: CX:152 CY:178 W:150 H:142 Yaw: -1.4deg || IMU: AX: -1.0 AY:  0.8 AZ: -8.6 TZ:  0.1 || Batt: 3.31V  || State: MANUAL   
[COMMAND] Mode: MANUAL                || Motors: [0, 20, 0, 0]
[LATENCY] Delta:  38.5ms | Avg:  39.7ms | Rate: 25.2 FPS | Queue: 0B

[2026-08-29 14:54:41.722]
[TELEMETRY] Motors: [0, 20, 0, 3] || Vision: CX:148 CY:185 W:130 H:127 Yaw: -2.2deg || IMU: AX:  1.4 AY: -0.7 AZ:-10.7 TZ:  0.1 || Batt: 3.31V  || State: MANUAL   
[COMMAND] Mode: MANUAL                || Motors: [0, 20, 0, 0]
[LATENCY] Delta:  43.9ms | Avg:  39.8ms | Rate: 25.1 FPS | Queue: 0B

[2026-08-29 14:54:41.764]
[TELEMETRY] Motors: [0, 20, 0, 0] || Vision: CX:154 CY:188 W:150 H:142 Yaw: -1.1deg || IMU: AX:  2.0 AY: -0.8 AZ:-11.0 TZ:  0.0 || Batt: 3.31V  || State: MANUAL   
[COMMAND] Mode: MANUAL                || Motors: [0, 20, 0, 0]
[LATENCY] Delta:  39.2ms | Avg:  39.8ms | Rate: 25.1 FPS | Queue: 0B

[2026-08-29 14:54:41.806]
[TELEMETRY] Motors: [0, 20, 0, 1] || Vision: CX:153 CY:182 W:149 H:144 Yaw: -1.3deg || IMU: AX:  1.8 AY: -1.7 AZ: -8.6 TZ:  0.0 || Batt: 3.38V  || State: MANUAL   
[COMMAND] Mode: MANUAL                || Motors: [0, 20, 0, 0]
[LATENCY] Delta:  42.6ms | Avg:  39.9ms | Rate: 25.1 FPS | Queue: 0B

[2026-08-29 14:54:41.843]
[TELEMETRY] Motors: [0, 20, 0, 1] || Vision: CX:155 CY:179 W:143 H:141 Yaw: -0.9deg || IMU: AX:  1.4 AY: -1.8 AZ: -9.5 TZ:  0.1 || Batt: 3.38V  || State: MANUAL   
[COMMAND] Mode: MANUAL                || Motors: [0, 20, 0, 0]
[LATENCY] Delta:  38.4ms | Avg:  39.8ms | Rate: 25.1 FPS | Queue: 0B

[2026-08-29 14:54:41.881]
[TELEMETRY] Motors: [0, 20, 0, 3] || Vision: CX:157 CY:187 W:146 H:145 Yaw: -0.5deg || IMU: AX:  1.0 AY: -2.3 AZ:-10.1 TZ:  0.1 || Batt: 3.38V  || State: MANUAL   
[COMMAND] Mode: MANUAL                || Motors: [0, 20, 0, 0]
[LATENCY] Delta:  38.7ms | Avg:  39.8ms | Rate: 25.1 FPS | Queue: 0B

[2026-08-29 14:54:41.923]
[TELEMETRY] Motors: [0, 20, 0, 0] || Vision: CX:158 CY:185 W:147 H:148 Yaw: -0.4deg || IMU: AX:  0.2 AY: -2.6 AZ: -9.8 TZ: -0.0 || Batt: 3.38V  || State: MANUAL   
[COMMAND] Mode: MANUAL                || Motors: [0, 20, 0, 0]
[LATENCY] Delta:  40.6ms | Avg:  39.8ms | Rate: 25.1 FPS | Queue: 0B

[2026-08-29 14:54:41.969]
[TELEMETRY] Motors: [0, 20, 0, 0] || Vision: CX:158 CY:185 W:148 H:148 Yaw: -0.4deg || IMU: AX:  0.2 AY: -0.8 AZ:-10.0 TZ: -0.0 || Batt: 3.38V  || State: MANUAL   
[COMMAND] Mode: MANUAL                || Motors: [0, 20, 0, 0]
[LATENCY] Delta:  45.7ms | Avg:  39.9ms | Rate: 25.0 FPS | Queue: 0B

[2026-08-29 14:54:42.004]
[TELEMETRY] Motors: [10, 20, 0, 10] || Vision: CX:156 CY:176 W:131 H:146 Yaw: -0.7deg || IMU: AX:  0.4 AY: -0.4 AZ: -9.8 TZ: -0.0 || Batt: 3.38V  || State: TRACKING 
[COMMAND] Mode: AUTONOMOUS (yaw-only) || Motors: [0, 0, 0, 0]
[LATENCY] Delta:  34.9ms | Avg:  39.8ms | Rate: 25.1 FPS | Queue: 0B

[2026-08-29 14:54:42.044]
[TELEMETRY] Motors: [10, 20, 0, 10] || Vision: CX:168 CY:172 W:156 H: 93 Yaw: +1.4deg || IMU: AX:  0.6 AY: -2.5 AZ:-10.0 TZ:  0.1 || Batt: 3.38V  || State: TRACKING 
[COMMAND] Mode: AUTONOMOUS (yaw-only) || Motors: [0, 0, 0, 0]
[LATENCY] Delta:  40.0ms | Avg:  39.8ms | Rate: 25.1 FPS | Queue: 0B

[2026-08-29 14:54:42.085]
[TELEMETRY] Motors: [10, 20, 0, 10] || Vision: CX:156 CY:171 W:114 H: 93 Yaw: -0.7deg || IMU: AX:  0.4 AY: -2.0 AZ: -9.9 TZ:  0.0 || Batt: 3.38V  || State: TRACKING 
[COMMAND] Mode: AUTONOMOUS (yaw-only) || Motors: [0, 0, 0, 0]
[LATENCY] Delta:  40.4ms | Avg:  39.9ms | Rate: 25.1 FPS | Queue: 0B

[2026-08-29 14:54:42.121]
[TELEMETRY] Motors: [10, 20, 0, 10] || Vision: CX:149 CY:187 W:119 H:101 Yaw: -2.0deg || IMU: AX:  0.2 AY: -1.3 AZ: -9.8 TZ: -0.1 || Batt: 3.38V  || State: TRACKING 
[COMMAND] Mode: AUTONOMOUS (yaw-only) || Motors: [0, 0, 0, 0]
[LATENCY] Delta:  36.7ms | Avg:  39.8ms | Rate: 25.1 FPS | Queue: 0B

[2026-08-29 14:54:42.160]
[TELEMETRY] Motors: [10, 20, 0, 10] || Vision: CX:157 CY:164 W:114 H: 92 Yaw: -0.5deg || IMU: AX:  0.5 AY: -0.5 AZ:-10.2 TZ:  0.0 || Batt: 3.38V  || State: TRACKING 
[COMMAND] Mode: AUTONOMOUS (yaw-only) || Motors: [0, 0, 0, 0]
[LATENCY] Delta:  39.5ms | Avg:  39.8ms | Rate: 25.1 FPS | Queue: 0B

[2026-08-29 14:54:42.201]
[TELEMETRY] Motors: [10, 20, 0, 10] || Vision: CX:162 CY:196 W:150 H: 87 Yaw: +0.4deg || IMU: AX:  0.8 AY: -1.1 AZ: -9.6 TZ:  0.0 || Batt: 3.38V  || State: TRACKING 
[COMMAND] Mode: AUTONOMOUS (yaw-only) || Motors: [0, 0, 0, 0]
[LATENCY] Delta:  41.1ms | Avg:  39.8ms | Rate: 25.1 FPS | Queue: 0B

[2026-08-29 14:54:42.242]
[TELEMETRY] Motors: [10, 20, 0, 10] || Vision: CX:154 CY:197 W:120 H:108 Yaw: -1.1deg || IMU: AX:  0.8 AY: -2.4 AZ:-10.5 TZ: -0.0 || Batt: 3.38V  || State: TRACKING 
[COMMAND] Mode: AUTONOMOUS (yaw-only) || Motors: [0, 0, 0, 0]
[LATENCY] Delta:  40.4ms | Avg:  39.8ms | Rate: 25.1 FPS | Queue: 0B

[2026-08-29 14:54:42.282]
[TELEMETRY] Motors: [10, 20, 0, 10] || Vision: CX:160 CY:154 W:117 H:102 Yaw: +0.0deg || IMU: AX:  0.4 AY: -0.8 AZ: -9.9 TZ: -0.0 || Batt: 3.38V  || State: TRACKING 
[COMMAND] Mode: AUTONOMOUS (yaw-only) || Motors: [0, 0, 0, 0]
[LATENCY] Delta:  40.0ms | Avg:  39.8ms | Rate: 25.1 FPS | Queue: 0B

[2026-08-29 14:54:42.323]
[TELEMETRY] Motors: [10, 20, 0, 10] || Vision: CX:153 CY:189 W:124 H: 88 Yaw: -1.3deg || IMU: AX: -1.1 AY: -2.0 AZ:-10.6 TZ:  0.0 || Batt: 3.31V  || State: TRACKING 
[COMMAND] Mode: AUTONOMOUS (yaw-only) || Motors: [0, 0, 0, 0]
[LATENCY] Delta:  40.2ms | Avg:  39.8ms | Rate: 25.1 FPS | Queue: 0B

[2026-08-29 14:54:42.362]
[TELEMETRY] Motors: [10, 20, 0, 10] || Vision: CX:149 CY:177 W:116 H:114 Yaw: -2.0deg || IMU: AX:  1.0 AY: -3.3 AZ: -8.9 TZ: -0.1 || Batt: 3.31V  || State: TRACKING 
[COMMAND] Mode: AUTONOMOUS (yaw-only) || Motors: [0, 0, 0, 0]
[LATENCY] Delta:  39.1ms | Avg:  39.8ms | Rate: 25.1 FPS | Queue: 0B

[2026-08-29 14:54:42.400]
[TELEMETRY] Motors: [10, 20, 0, 10] || Vision: CX:160 CY:148 W:118 H:102 Yaw: +0.0deg || IMU: AX: -1.6 AY: -0.5 AZ:-10.5 TZ: -0.1 || Batt: 3.31V  || State: TRACKING 
[COMMAND] Mode: AUTONOMOUS (yaw-only) || Motors: [0, 0, 0, 0]
[LATENCY] Delta:  39.6ms | Avg:  39.8ms | Rate: 25.1 FPS | Queue: 0B

[2026-08-29 14:54:42.439]
[TELEMETRY] Motors: [10, 20, 0, 10] || Vision: CX:157 CY:151 W:110 H: 94 Yaw: -0.5deg || IMU: AX:  0.9 AY: -3.6 AZ: -8.0 TZ: -0.1 || Batt: 3.31V  || State: TRACKING 
[COMMAND] Mode: AUTONOMOUS (yaw-only) || Motors: [0, 0, 0, 0]
[LATENCY] Delta:  39.0ms | Avg:  39.8ms | Rate: 25.1 FPS | Queue: 0B

[2026-08-29 14:54:42.483]
[TELEMETRY] Motors: [10, 20, 0, 10] || Vision: CX:149 CY:172 W:114 H:110 Yaw: -2.0deg || IMU: AX: -1.3 AY: -0.7 AZ:-11.1 TZ: -0.1 || Batt: 3.31V  || State: TRACKING 
[COMMAND] Mode: AUTONOMOUS (yaw-only) || Motors: [0, 0, 0, 0]
[LATENCY] Delta:  41.7ms | Avg:  39.8ms | Rate: 25.1 FPS | Queue: 0B

[2026-08-29 14:54:42.520]
[TELEMETRY] Motors: [10, 20, 0, 10] || Vision: CX:160 CY:145 W:113 H: 93 Yaw: +0.0deg || IMU: AX: -1.6 AY: -1.9 AZ:-11.0 TZ:  0.0 || Batt: 3.31V  || State: TRACKING 
[COMMAND] Mode: AUTONOMOUS (yaw-only) || Motors: [0, 0, 0, 0]
[LATENCY] Delta:  38.7ms | Avg:  39.8ms | Rate: 25.1 FPS | Queue: 0B

[2026-08-29 14:54:42.560]
[TELEMETRY] Motors: [11, 20, 0, 9] || Vision: CX:148 CY:176 W:114 H: 88 Yaw: -2.2deg || IMU: AX:  2.4 AY: -1.4 AZ: -9.6 TZ: -0.0 || Batt: 3.31V  || State: TRACKING 
[COMMAND] Mode: AUTONOMOUS (yaw-only) || Motors: [0, 0, 0, 0]
[LATENCY] Delta:  39.4ms | Avg:  39.8ms | Rate: 25.1 FPS | Queue: 0B

[2026-08-29 14:54:42.599]
[TELEMETRY] Motors: [10, 20, 0, 10] || Vision: CX:156 CY:156 W:116 H:115 Yaw: -0.7deg || IMU: AX: -0.1 AY: -3.4 AZ: -7.2 TZ: -0.1 || Batt: 3.31V  || State: TRACKING 
[COMMAND] Mode: AUTONOMOUS (yaw-only) || Motors: [0, 0, 0, 0]
[LATENCY] Delta:  40.7ms | Avg:  39.8ms | Rate: 25.1 FPS | Queue: 0B

[2026-08-29 14:54:42.641]
[TELEMETRY] Motors: [13, 20, 0, 7] || Vision: CX:148 CY:173 W:113 H: 93 Yaw: -2.2deg || IMU: AX: -1.1 AY: -1.1 AZ: -9.0 TZ: -0.1 || Batt: 3.31V  || State: TRACKING 
[COMMAND] Mode: AUTONOMOUS (yaw-only) || Motors: [0, 0, 0, 0]
[LATENCY] Delta:  40.2ms | Avg:  39.8ms | Rate: 25.1 FPS | Queue: 0B

[2026-08-29 14:54:42.686]
[TELEMETRY] Motors: [10, 20, 0, 10] || Vision: CX:150 CY:170 W:126 H:143 Yaw: -1.8deg || IMU: AX:  0.9 AY: -0.2 AZ:-12.9 TZ:  0.1 || Batt: 3.31V  || State: TRACKING 
[COMMAND] Mode: AUTONOMOUS (yaw-only) || Motors: [0, 0, 0, 0]
[LATENCY] Delta:  45.8ms | Avg:  39.9ms | Rate: 25.1 FPS | Queue: 0B

[2026-08-29 14:54:42.723]
[TELEMETRY] Motors: [10, 20, 0, 10] || Vision: CX:150 CY:173 W:122 H:134 Yaw: -1.8deg || IMU: AX:  1.5 AY: -1.5 AZ: -9.9 TZ:  0.1 || Batt: 3.31V  || State: TRACKING 
[COMMAND] Mode: AUTONOMOUS (yaw-only) || Motors: [0, 0, 0, 0]
[LATENCY] Delta:  36.0ms | Avg:  39.9ms | Rate: 25.1 FPS | Queue: 0B

[2026-08-29 14:54:42.762]
[TELEMETRY] Motors: [10, 20, 0, 10] || Vision: CX:149 CY:200 W:128 H: 85 Yaw: -2.0deg || IMU: AX:  0.4 AY: -2.5 AZ: -8.9 TZ: -0.0 || Batt: 3.31V  || State: TRACKING 
[COMMAND] Mode: AUTONOMOUS (yaw-only) || Motors: [0, 0, 0, 0]
[LATENCY] Delta:  39.4ms | Avg:  39.9ms | Rate: 25.1 FPS | Queue: 0B

[2026-08-29 14:54:42.801]
[TELEMETRY] Motors: [10, 20, 0, 10] || Vision: CX:149 CY:194 W:121 H:115 Yaw: -2.0deg || IMU: AX:  2.2 AY: -0.5 AZ:-12.2 TZ:  0.1 || Batt: 3.31V  || State: TRACKING 
[COMMAND] Mode: AUTONOMOUS (yaw-only) || Motors: [0, 0, 0, 0]
[LATENCY] Delta:  39.4ms | Avg:  39.8ms | Rate: 25.1 FPS | Queue: 0B

[2026-08-29 14:54:42.843]
[TELEMETRY] Motors: [10, 20, 0, 10] || Vision: CX:149 CY:174 W:140 H:140 Yaw: -2.0deg || IMU: AX:  1.6 AY: -2.2 AZ: -8.2 TZ: -0.1 || Batt: 3.41V  || State: TRACKING 
[COMMAND] Mode: AUTONOMOUS (yaw-only) || Motors: [0, 0, 0, 0]
[LATENCY] Delta:  41.9ms | Avg:  39.9ms | Rate: 25.1 FPS | Queue: 0B

[2026-08-29 14:54:42.882]
[TELEMETRY] Motors: [10, 20, 0, 10] || Vision: CX:149 CY:207 W:126 H: 92 Yaw: -2.0deg || IMU: AX:  1.9 AY: -2.4 AZ: -8.8 TZ: -0.0 || Batt: 3.41V  || State: TRACKING 
[COMMAND] Mode: AUTONOMOUS (yaw-only) || Motors: [0, 0, 0, 0]
[LATENCY] Delta:  39.5ms | Avg:  39.9ms | Rate: 25.1 FPS | Queue: 0B

[2026-08-29 14:54:42.922]
[TELEMETRY] Motors: [10, 20, 0, 10] || Vision: CX:149 CY:177 W:116 H:122 Yaw: -2.0deg || IMU: AX: -1.1 AY: -1.1 AZ:-12.2 TZ:  0.1 || Batt: 3.41V  || State: TRACKING 
[COMMAND] Mode: AUTONOMOUS (yaw-only) || Motors: [0, 0, 0, 0]
[LATENCY] Delta:  39.6ms | Avg:  39.9ms | Rate: 25.1 FPS | Queue: 0B

[2026-08-29 14:54:42.961]
[TELEMETRY] Motors: [10, 20, 0, 10] || Vision: CX:158 CY:160 W:141 H:128 Yaw: -0.4deg || IMU: AX:  2.1 AY:  0.4 AZ:-12.3 TZ:  0.0 || Batt: 3.41V  || State: TRACKING 
[COMMAND] Mode: AUTONOMOUS (yaw-only) || Motors: [0, 0, 0, 0]
[LATENCY] Delta:  38.8ms | Avg:  39.9ms | Rate: 25.1 FPS | Queue: 0B

[2026-08-29 14:54:43.004]
[TELEMETRY] Motors: [15, 20, 0, 10] || Vision: CX:145 CY:187 W:117 H: 95 Yaw: -2.7deg || IMU: AX:  2.1 AY:  0.4 AZ:-11.5 TZ:  0.0 || Batt: 3.41V  || State: TRACKING 
[COMMAND] Mode: AUTONOMOUS (yaw-only) || Motors: [0, 0, 0, 0]
[LATENCY] Delta:  41.8ms | Avg:  39.9ms | Rate: 25.1 FPS | Queue: 0B

[2026-08-29 14:54:43.042]
[TELEMETRY] Motors: [23, 20, 0, 8] || Vision: CX:142 CY:193 W:116 H:100 Yaw: -3.2deg || IMU: AX: -0.3 AY: -1.9 AZ: -7.7 TZ: -0.1 || Batt: 3.41V  || State: TRACKING 
[COMMAND] Mode: AUTONOMOUS (yaw-only) || Motors: [0, 0, 0, 0]
[LATENCY] Delta:  38.5ms | Avg:  39.9ms | Rate: 25.1 FPS | Queue: 0B

[2026-08-29 14:54:43.082]
[TELEMETRY] Motors: [10, 20, 0, 10] || Vision: CX:149 CY:178 W:125 H:130 Yaw: -2.0deg || IMU: AX: -0.9 AY: -0.2 AZ:-11.8 TZ: -0.0 || Batt: 3.41V  || State: TRACKING 
[COMMAND] Mode: AUTONOMOUS (yaw-only) || Motors: [0, 0, 0, 0]
[LATENCY] Delta:  40.8ms | Avg:  39.9ms | Rate: 25.1 FPS | Queue: 0B

[2026-08-29 14:54:43.123]
[TELEMETRY] Motors: [18, 20, 0, 11] || Vision: CX:143 CY:191 W:117 H:104 Yaw: -3.0deg || IMU: AX: -2.2 AY: -0.3 AZ: -9.1 TZ:  0.1 || Batt: 3.41V  || State: TRACKING 
[COMMAND] Mode: AUTONOMOUS (yaw-only) || Motors: [0, 0, 0, 0]
[LATENCY] Delta:  40.5ms | Avg:  39.9ms | Rate: 25.1 FPS | Queue: 0B

[2026-08-29 14:54:43.160]
[TELEMETRY] Motors: [12, 20, 0, 8] || Vision: CX:148 CY:205 W:120 H: 94 Yaw: -2.2deg || IMU: AX:  2.0 AY: -1.7 AZ: -9.6 TZ: -0.1 || Batt: 3.41V  || State: TRACKING 
[COMMAND] Mode: AUTONOMOUS (yaw-only) || Motors: [0, 0, 0, 0]
[LATENCY] Delta:  37.4ms | Avg:  39.8ms | Rate: 25.1 FPS | Queue: 0B

[2026-08-29 14:54:43.201]
[TELEMETRY] Motors: [10, 20, 0, 10] || Vision: CX:152 CY:165 W:116 H:105 Yaw: -1.4deg || IMU: AX:  0.0 AY: -2.2 AZ: -6.8 TZ:  0.0 || Batt: 3.41V  || State: TRACKING 
[COMMAND] Mode: AUTONOMOUS (yaw-only) || Motors: [0, 0, 0, 0]
[LATENCY] Delta:  40.5ms | Avg:  39.9ms | Rate: 25.1 FPS | Queue: 0B

[2026-08-29 14:54:43.240]
[TELEMETRY] Motors: [10, 20, 0, 10] || Vision: CX:151 CY:174 W:121 H:101 Yaw: -1.6deg || IMU: AX: -1.5 AY: -0.3 AZ:-10.0 TZ:  0.0 || Batt: 3.41V  || State: TRACKING 
[COMMAND] Mode: AUTONOMOUS (yaw-only) || Motors: [0, 0, 0, 0]
[LATENCY] Delta:  40.1ms | Avg:  39.9ms | Rate: 25.1 FPS | Queue: 0B

[2026-08-29 14:54:43.281]
[TELEMETRY] Motors: [10, 20, 0, 10] || Vision: CX:154 CY:173 W:142 H:141 Yaw: -1.1deg || IMU: AX:  1.8 AY: -0.8 AZ:-10.2 TZ:  0.1 || Batt: 3.41V  || State: TRACKING 
[COMMAND] Mode: AUTONOMOUS (yaw-only) || Motors: [0, 0, 0, 0]
[LATENCY] Delta:  40.6ms | Avg:  39.9ms | Rate: 25.1 FPS | Queue: 0B

[2026-08-29 14:54:43.323]
[TELEMETRY] Motors: [8, 20, 0, 78] || Vision: CX:209 CY:185 W:115 H:107 Yaw: +8.8deg || IMU: AX:  0.7 AY: -1.4 AZ:-12.3 TZ:  0.1 || Batt: 3.41V  || State: TRACKING 
[COMMAND] Mode: AUTONOMOUS (yaw-only) || Motors: [0, 0, 0, 0]
[LATENCY] Delta:  41.9ms | Avg:  39.9ms | Rate: 25.1 FPS | Queue: 0B

[2026-08-29 14:54:43.364]
[TELEMETRY] Motors: [9, 20, 0, 83] || Vision: CX:212 CY:192 W:114 H: 99 Yaw: +9.3deg || IMU: AX:  0.8 AY:  0.5 AZ: -9.4 TZ:  0.0 || Batt: 3.24V  LOW! || State: TRACKING 
[COMMAND] Mode: AUTONOMOUS (yaw-only) || Motors: [0, 0, 0, 0]
[LATENCY] Delta:  41.0ms | Avg:  39.9ms | Rate: 25.1 FPS | Queue: 0B

[2026-08-29 14:54:43.403]
[TELEMETRY] Motors: [11, 20, 0, 101] || Vision: CX:223 CY:200 W: 96 H:113 Yaw:+11.3deg || IMU: AX:  4.9 AY:  0.5 AZ:-13.4 TZ: -0.1 || Batt: 3.24V  LOW! || State: TRACKING 
[COMMAND] Mode: AUTONOMOUS (yaw-only) || Motors: [0, 0, 0, 0]
[LATENCY] Delta:  39.2ms | Avg:  39.9ms | Rate: 25.1 FPS | Queue: 0B

[2026-08-29 14:54:43.441]
[TELEMETRY] Motors: [11, 20, 0, 72] || Vision: CX:207 CY:183 W:116 H: 93 Yaw: +8.4deg || IMU: AX: -3.6 AY: -4.0 AZ: -5.3 TZ: -0.1 || Batt: 3.24V  LOW! || State: TRACKING 
[COMMAND] Mode: AUTONOMOUS (yaw-only) || Motors: [0, 0, 0, 0]
[LATENCY] Delta:  38.4ms | Avg:  39.9ms | Rate: 25.1 FPS | Queue: 0B

[2026-08-29 14:54:43.484]
[TELEMETRY] Motors: [10, 20, 0, 55] || Vision: CX:197 CY:195 W:147 H:112 Yaw: +6.6deg || IMU: AX:  0.8 AY: -2.0 AZ:-10.9 TZ: -0.0 || Batt: 3.24V  LOW! || State: TRACKING 
[COMMAND] Mode: AUTONOMOUS (yaw-only) || Motors: [0, 0, 0, 0]
[LATENCY] Delta:  42.3ms | Avg:  39.9ms | Rate: 25.1 FPS | Queue: 0B

[2026-08-29 14:54:43.524]
[TELEMETRY] Motors: [10, 20, 0, 10] || Vision: CX:150 CY:186 W:144 H:142 Yaw: -1.8deg || IMU: AX:-11.0 AY: -2.5 AZ: -5.6 TZ: -0.3 || Batt: 3.24V  LOW! || State: TRACKING 
[COMMAND] Mode: AUTONOMOUS (yaw-only) || Motors: [0, 0, 0, 0]
[LATENCY] Delta:  39.8ms | Avg:  39.9ms | Rate: 25.1 FPS | Queue: 0B

[2026-08-29 14:54:43.562]
[TELEMETRY] Motors: [10, 20, 0, 10] || Vision: CX:150 CY:174 W:148 H:151 Yaw: -1.8deg || IMU: AX:  0.5 AY: -0.5 AZ:-10.7 TZ: -0.1 || Batt: 3.24V  LOW! || State: TRACKING 
[COMMAND] Mode: AUTONOMOUS (yaw-only) || Motors: [0, 0, 0, 0]
[LATENCY] Delta:  38.5ms | Avg:  39.9ms | Rate: 25.1 FPS | Queue: 0B

[2026-08-29 14:54:43.605]
[TELEMETRY] Motors: [14, 20, 0, 8] || Vision: CX:147 CY:205 W:121 H: 99 Yaw: -2.3deg || IMU: AX: -1.8 AY:  1.1 AZ: -9.0 TZ: -0.0 || Batt: 3.24V  LOW! || State: TRACKING 
[COMMAND] Mode: AUTONOMOUS (yaw-only) || Motors: [0, 0, 0, 0]
[LATENCY] Delta:  43.8ms | Avg:  39.9ms | Rate: 25.0 FPS | Queue: 0B

[2026-08-29 14:54:43.643]
[TELEMETRY] Motors: [22, 20, 0, 5] || Vision: CX:144 CY:203 W:127 H: 97 Yaw: -2.9deg || IMU: AX:  0.3 AY: -2.5 AZ:-10.1 TZ: -0.2 || Batt: 3.24V  LOW! || State: TRACKING 
[COMMAND] Mode: AUTONOMOUS (yaw-only) || Motors: [0, 0, 0, 0]
[LATENCY] Delta:  35.6ms | Avg:  39.9ms | Rate: 25.1 FPS | Queue: 0B

[2026-08-29 14:54:43.682]
[TELEMETRY] Motors: [19, 20, 0, 6] || Vision: CX:145 CY:189 W:121 H:127 Yaw: -2.7deg || IMU: AX:  0.5 AY: -3.1 AZ:-10.3 TZ: -0.1 || Batt: 3.24V  LOW! || State: TRACKING 
[COMMAND] Mode: AUTONOMOUS (yaw-only) || Motors: [0, 0, 0, 0]
[LATENCY] Delta:  40.1ms | Avg:  39.9ms | Rate: 25.1 FPS | Queue: 0B

[2026-08-29 14:54:43.723]
[TELEMETRY] Motors: [11, 20, 0, 9] || Vision: CX:148 CY:182 W:144 H:155 Yaw: -2.2deg || IMU: AX: -1.1 AY: -0.4 AZ: -8.7 TZ: -0.0 || Batt: 3.24V  LOW! || State: TRACKING 
[COMMAND] Mode: AUTONOMOUS (yaw-only) || Motors: [0, 0, 0, 0]
[LATENCY] Delta:  40.7ms | Avg:  39.9ms | Rate: 25.1 FPS | Queue: 0B

